
> stax@0.1.0 build
> SKIP_ENV_VALIDATION=1 next build

▲ Next.js 16.2.1 (Turbopack)
- Environments: .env

  Creating an optimized production build ...
✓ Compiled successfully in 8.7s
  Running TypeScript ...
  Finished TypeScript in 13.3s ...
  Collecting page data using 15 workers ...
  Generating static pages using 15 workers (0/24) ...
  Generating static pages using 15 workers (6/24) 
  Generating static pages using 15 workers (12/24) 
  Generating static pages using 15 workers (18/24) 
✓ Generating static pages using 15 workers (24/24) in 1687ms
  Finalizing page optimization ...

Route (app)
┌ ƒ /
├ ○ /_not-found
├ ○ /admin
├ ƒ /admin/billing
├ ƒ /admin/broadcast
├ ƒ /admin/dashboard
├ ƒ /admin/enterprise
├ ƒ /admin/enterprise/new
├ ○ /admin/login
├ ƒ /admin/users
├ ƒ /admin/users/[userId]
├ ƒ /api/admin/enterprise
├ ƒ /api/admin/login
├ ƒ /api/admin/logout
├ ƒ /api/admin/users/[orgId]/tier
├ ƒ /api/onboarding
├ ƒ /api/projects
├ ƒ /api/projects/[projectId]
├ ƒ /api/projects/[projectId]/widgets
├ ƒ /api/projects/[projectId]/widgets/[widgetId]
├ ƒ /api/v1/data/[embedKey]
├ ƒ /api/webhooks/stripe
├ ƒ /dashboard
├ ƒ /dashboard/analytics
├ ƒ /dashboard/profile
├ ƒ /dashboard/stax
├ ƒ /dashboard/stax/[projectId]
├ ƒ /dashboard/stax/[projectId]/widgets/[widgetId]
├ ƒ /dashboard/stax/[projectId]/widgets/new
├ ƒ /dashboard/stax/new
├ ƒ /onboarding
├ ƒ /sign-in/[[...sign-in]]
├ ƒ /sign-up/[[...sign-up]]
└ ƒ /widget/[embedKey]


ƒ Proxy (Middleware)

○  (Static)   prerendered as static content
ƒ  (Dynamic)  server-rendered on demand

